Microchip MPLAB XC8 Compiler V2.41

Linker command line:

-W-3 \
  --edf=C:/Program Files/Microchip/MPLABX/v6.10/packs/Microchip/PIC18Fxxxx_DFP/1.4.151/xc8\pic\dat\20230323171731_en.msgs \
  -cn -h+dist/default/production\application.X.production.sym \
  --cmf=dist/default/production\application.X.production.cmf -z -Q18F4620 \
  -oC:\Users\ACC\AppData\Local\Temp\xcAsgr0.\driver_tmp_3.o \
  --defsym=__MPLAB_BUILD=1 --fixupoverflow=error \
  -Mdist/default/production/application.X.production.map \
  --md=C:\Users\ACC\AppData\Local\Temp\xcAsgr0.\driver_tmp_0.dat -E1 \
  -ver=XC8 Compiler --acfsm=1493 -ACODE=00h-0FFFFh -ACONST=00h-0FFFFh \
  -ASMALLCONST=01000h-010FFhx240 -AMEDIUMCONST=01000h-0FFFFh \
  -ACOMRAM=01h-07Fh -AABS1=00h-0F7Fh -ABIGRAM=01h-0F7Fh \
  -ARAM=080h-0FFh,0100h-01FFhx14,0F00h-0F7Fh -ABANK0=080h-0FFh \
  -ABANK1=0100h-01FFh -ABANK2=0200h-02FFh -ABANK3=0300h-03FFh \
  -ABANK4=0400h-04FFh -ABANK5=0500h-05FFh -ABANK6=0600h-06FFh \
  -ABANK7=0700h-07FFh -ABANK8=0800h-08FFh -ABANK9=0900h-09FFh \
  -ABANK10=0A00h-0AFFh -ABANK11=0B00h-0BFFh -ABANK12=0C00h-0CFFh \
  -ABANK13=0D00h-0DFFh -ABANK14=0E00h-0EFFh -ABANK15=0F00h-0F7Fh \
  -ASFR=0F80h-0FFFh -ABIGSFR=0F80h-0FFFh -ACONFIG=0300000h-030000Dh \
  -AIDLOC=0200000h-0200007h -AEEDATA=0F00000h-0F003FFh -peeprom_data=EEDATA \
  -preset_vec=00h,intcode,intcodelo,powerup,init -pramtop=01000h \
  -psmallconst=SMALLCONST -pmediumconst=MEDIUMCONST -pconst=CONST \
  -AFARRAM=00h-00h \
  -prdata=COMRAM,nvrram=COMRAM,nvbit=COMRAM,rbss=COMRAM,rbit=COMRAM \
  -pfarbss=FARRAM,fardata=FARRAM,nvFARRAM=FARRAM \
  -pintsave_regs=BIGRAM,bigbss=BIGRAM,bigdata=BIGRAM -pbss=RAM \
  -pidata=CODE,irdata=CODE,ibigdata=CODE,ifardata=CODE -prparam=COMRAM \
  C:\Users\ACC\AppData\Local\Temp\xcAsgr0.\driver_tmp_14.o \
  dist/default/production\application.X.production.o 

Object code version is 3.11

Machine type is 18F4620



                Name                               Link     Load   Length Selector   Space Scale
C:\Users\ACC\AppData\Local\Temp\xcAsgr0.\driver_tmp_14.o
                config                           300000   300000        E        0       4
                init                                  0        0        4        0       0
dist/default/production\application.X.production.o
                config                           300000   300000        E        0       4
                smallconst                         1000     1000       36      800       0
                text33                             188A     188A      144      81B       0
                text32                             1B00     1B00      12C      81B       0
                text31                             2504     2504       6C      81B       0
                text30                             232A     232A       78      81B       0
                text29                             26D4     26D4       4E      81B       0
                text28                             248E     248E       76      81B       0
                text27                             2418     2418       76      81B       0
                text26                             19CE     19CE      132      81B       0
                text25                             28A8     28A8       1A      81B       0
                text24                             28D2     28D2        6     1469       0
                text23                             2864     2864       26      81B       0
                text22                             2838     2838       2C      81B       0
                text21                             276E     276E       46      81B       0
                text20                             1746     1746      144      81B       0
                text19                             15D0     15D0      176      81B       0
                text18                             1F26     1F26       C4      81B       0
                text17                             2164     2164       B0      81B       0
                text16                             27F8     27F8       40      81B       0
                text15                             28D8     28D8        2     1469       0
                text14                             1E5C     1E5C       CA      81B       0
                text13                             27B4     27B4       44      81B       0
                text12                             22B0     22B0       7A      81B       0
                text11                             143C     143C      194      81B       0
                text10                             1C2C     1C2C      122      81B       0
                text9                              2686     2686       4E      81B       0
                text8                              2722     2722       4C      81B       0
                text7                              262C     262C       5A      81B       0
                text6                              20AC     20AC       B8      81B       0
                text5                              1D4E     1D4E      10E      81B       0
                text4                              23A2     23A2       76      81B       0
                text3                              2214     2214       9C      81B       0
                text2                              1FEA     1FEA       C2      81B       0
                text1                              25D2     25D2       5A      81B       0
                text0                              1036     1036      406      81B       0
                cstackCOMRAM                          1        1       59        1       1
                dataBANK0                            D3       D3       1E       80       1
                bssBANK0                             80       80       53       80       1
                dataCOMRAM                           70       70        F        1       1
                bssCOMRAM                            5A       5A       16        1       1
                cinit                              2570     2570       62      81B       0
                nvCOMRAM                             7F       7F        1        1       1
                idataBANK0                         288A     288A       1E      81B       0
                idataCOMRAM                        28C2     28C2        F      81B       0

TOTAL           Name                               Link     Load   Length     Space
        CLASS   CODE           
                init                                  0        0        4         0
                text33                             188A     188A      144         0
                text32                             1B00     1B00      12C         0
                text31                             2504     2504       6C         0
                text30                             232A     232A       78         0
                text29                             26D4     26D4       4E         0
                text28                             248E     248E       76         0
                text27                             2418     2418       76         0
                text26                             19CE     19CE      132         0
                text25                             28A8     28A8       1A         0
                text24                             28D2     28D2        6         0
                text23                             2864     2864       26         0
                text22                             2838     2838       2C         0
                text21                             276E     276E       46         0
                text20                             1746     1746      144         0
                text19                             15D0     15D0      176         0
                text18                             1F26     1F26       C4         0
                text17                             2164     2164       B0         0
                text16                             27F8     27F8       40         0
                text15                             28D8     28D8        2         0
                text14                             1E5C     1E5C       CA         0
                text13                             27B4     27B4       44         0
                text12                             22B0     22B0       7A         0
                text11                             143C     143C      194         0
                text10                             1C2C     1C2C      122         0
                text9                              2686     2686       4E         0
                text8                              2722     2722       4C         0
                text7                              262C     262C       5A         0
                text6                              20AC     20AC       B8         0
                text5                              1D4E     1D4E      10E         0
                text4                              23A2     23A2       76         0
                text3                              2214     2214       9C         0
                text2                              1FEA     1FEA       C2         0
                text1                              25D2     25D2       5A         0
                text0                              1036     1036      406         0
                cinit                              2570     2570       62         0
                idataBANK0                         288A     288A       1E         0
                idataCOMRAM                        28C2     28C2        F         0

        CLASS   CONST          

        CLASS   SMALLCONST     
                smallconst                         1000     1000       36         0

        CLASS   MEDIUMCONST    

        CLASS   COMRAM         
                cstackCOMRAM                          1        1       59         1
                dataCOMRAM                           70       70        F         1
                bssCOMRAM                            5A       5A       16         1
                nvCOMRAM                             7F       7F        1         1

        CLASS   ABS1           

        CLASS   BIGRAM         

        CLASS   RAM            

        CLASS   BANK0          
                dataBANK0                            D3       D3       1E         1
                bssBANK0                             80       80       53         1

        CLASS   BANK1          

        CLASS   BANK2          

        CLASS   BANK3          

        CLASS   BANK4          

        CLASS   BANK5          

        CLASS   BANK6          

        CLASS   BANK7          

        CLASS   BANK8          

        CLASS   BANK9          

        CLASS   BANK10         

        CLASS   BANK11         

        CLASS   BANK12         

        CLASS   BANK13         

        CLASS   BANK14         

        CLASS   BANK15         

        CLASS   SFR            

        CLASS   BIGSFR         

        CLASS   CONFIG         
                config                           300000   300000        E         4

        CLASS   IDLOC          

        CLASS   EEDATA         

        CLASS   FARRAM         

        CLASS   HEAP           

        CLASS   STACK          



SEGMENTS        Name                           Load    Length   Top    Selector   Space  Class

                reset_vec                      000000  000004  000004         0       0  CODE    
                cstackCOMRAM                   000001  00007F  000080         1       1  COMRAM  
                bssBANK0                       000080  000071  0000F1        80       1  BANK0   
                smallconst                     001000  000036  001036       800       0  SMALLCON
                text0                          001036  00189B  0028D1       81B       0  CODE    
                text24                         0028D2  000008  0028DA      1469       0  CODE    


UNUSED ADDRESS RANGES

        Name                Unused          Largest block    Delta
        BANK0            0000F1-0000FF                F
        BANK1            000100-0001FF              100
        BANK10           000A00-000AFF              100
        BANK11           000B00-000BFF              100
        BANK12           000C00-000CFF              100
        BANK13           000D00-000DFF              100
        BANK14           000E00-000EFF              100
        BANK15           000F00-000F7F               80
        BANK2            000200-0002FF              100
        BANK3            000300-0003FF              100
        BANK4            000400-0004FF              100
        BANK5            000500-0005FF              100
        BANK6            000600-0006FF              100
        BANK7            000700-0007FF              100
        BANK8            000800-0008FF              100
        BANK9            000900-0009FF              100
        BIGRAM           0000F1-000F7F              E8F
        BIGSFR           000F80-000FFF               80
        CODE             000004-000FFF              FFC
                         0028D1-0028D1                1
                         0028DA-00FFFF             D726
        CONST            000004-000FFF              FFC
                         0028D1-0028D1                1
                         0028DA-00FFFF             D726
        EEDATA           F00000-F003FF              400
        IDLOC            200000-200007                8
        MEDIUMCONST      0028D1-0028D1                1
                         0028DA-00FFFF             D726
        RAM              0000F1-000F7F              100
        SFR              000F80-000FFF               80
        SMALLCONST       0028D1-0028D1                1
                         0028DA-00FFFF              100

                                  Symbol Table

?___awdiv                              cstackCOMRAM 000001
?___awmod                              cstackCOMRAM 000001
?___wmul                               cstackCOMRAM 000001
?_abs                                  cstackCOMRAM 000007
?_atoi                                 cstackCOMRAM 000007
?_isdigit                              cstackCOMRAM 000001
?_isspace                              cstackCOMRAM 000001
?_sprintf                              cstackCOMRAM 00003F
?_vfprintf                             cstackCOMRAM 000037
_LATA                                  (abs)        000F89
_LATB                                  (abs)        000F8A
_LATC                                  (abs)        000F8B
_LATD                                  (abs)        000F8C
_LATE                                  (abs)        000F8D
_PORTA                                 (abs)        000F80
_PORTB                                 (abs)        000F81
_PORTC                                 (abs)        000F82
_PORTD                                 (abs)        000F83
_PORTE                                 (abs)        000F84
_TRISA                                 (abs)        000F92
_TRISB                                 (abs)        000F93
_TRISC                                 (abs)        000F94
_TRISD                                 (abs)        000F95
_TRISE                                 (abs)        000F96
__HRAM                                 (abs)        000000
__H__absolute__                        __absolute__ 000000
__Habs1                                abs1         000000
__Hbank0                               bank0        000000
__Hbank1                               bank1        000000
__Hbank10                              bank10       000000
__Hbank11                              bank11       000000
__Hbank12                              bank12       000000
__Hbank13                              bank13       000000
__Hbank14                              bank14       000000
__Hbank15                              bank15       000000
__Hbank2                               bank2        000000
__Hbank3                               bank3        000000
__Hbank4                               bank4        000000
__Hbank5                               bank5        000000
__Hbank6                               bank6        000000
__Hbank7                               bank7        000000
__Hbank8                               bank8        000000
__Hbank9                               bank9        000000
__Hbigbss                              bigbss       000000
__Hbigdata                             bigdata      000000
__Hbigram                              bigram       000000
__Hbigsfr                              bigsfr       000000
__Hbss                                 bss          000000
__HbssBANK0                            bssBANK0     000000
__HbssCOMRAM                           bssCOMRAM    000000
__Hcinit                               cinit        000000
__Hclrtext                             clrtext      000000
__Hcomram                              comram       000000
__Hconfig                              config       30000E
__Hconst                               const        000000
__HcstackCOMRAM                        cstackCOMRAM 000000
__Hdata                                data         000000
__HdataBANK0                           dataBANK0    000000
__HdataCOMRAM                          dataCOMRAM   000000
__Heeprom_data                         eeprom_data  000000
__Hfarbss                              farbss       000000
__Hfardata                             fardata      000000
__Hheap                                heap         000000
__Hibigdata                            ibigdata     000000
__Hidata                               idata        000000
__HidataBANK0                          idataBANK0   000000
__HidataCOMRAM                         idataCOMRAM  000000
__Hidloc                               idloc        000000
__Hifardata                            ifardata     000000
__Hinit                                init         000004
__Hintcode                             intcode      000000
__Hintcode_body                        intcode_body 000000
__Hintcodelo                           intcodelo    000000
__Hintentry                            intentry     000000
__Hintret                              intret       000000
__Hintsave_regs                        intsave_regs 000000
__Hirdata                              irdata       000000
__Hmediumconst                         mediumconst  000000
__HnvCOMRAM                            nvCOMRAM     000000
__HnvFARRAM                            nvFARRAM     000000
__Hnvbit                               nvbit        000000
__Hnvrram                              nvrram       000000
__Hparam                               rparam       000000
__Hpowerup                             powerup      000000
__Hram                                 ram          000000
__Hramtop                              ramtop       001000
__Hrbit                                rbit         000000
__Hrbss                                rbss         000000
__Hrdata                               rdata        000000
__Hreset_vec                           reset_vec    000000
__Hrparam                              rparam       000000
__Hsfr                                 sfr          000000
__Hsmallconst                          smallconst   001036
__Hspace_0                             (abs)        0028DA
__Hspace_1                             (abs)        0000F1
__Hspace_2                             (abs)        000000
__Hspace_4                             (abs)        60000E
__Hstack                               stack        000000
__Hstruct                              struct       000000
__Htemp                                temp         000000
__Htext                                text         000000
__Htext0                               text0        000000
__Htext1                               text1        000000
__Htext10                              text10       000000
__Htext11                              text11       000000
__Htext12                              text12       000000
__Htext13                              text13       000000
__Htext14                              text14       000000
__Htext15                              text15       000000
__Htext16                              text16       000000
__Htext17                              text17       000000
__Htext18                              text18       000000
__Htext19                              text19       000000
__Htext2                               text2        000000
__Htext20                              text20       000000
__Htext21                              text21       000000
__Htext22                              text22       000000
__Htext23                              text23       000000
__Htext24                              text24       000000
__Htext25                              text25       000000
__Htext26                              text26       000000
__Htext27                              text27       000000
__Htext28                              text28       000000
__Htext29                              text29       000000
__Htext3                               text3        000000
__Htext30                              text30       000000
__Htext31                              text31       000000
__Htext32                              text32       000000
__Htext33                              text33       000000
__Htext4                               text4        000000
__Htext5                               text5        000000
__Htext6                               text6        000000
__Htext7                               text7        000000
__Htext8                               text8        000000
__Htext9                               text9        000000
__LRAM                                 (abs)        000001
__L__absolute__                        __absolute__ 000000
__Labs1                                abs1         000000
__Lbank0                               bank0        000000
__Lbank1                               bank1        000000
__Lbank10                              bank10       000000
__Lbank11                              bank11       000000
__Lbank12                              bank12       000000
__Lbank13                              bank13       000000
__Lbank14                              bank14       000000
__Lbank15                              bank15       000000
__Lbank2                               bank2        000000
__Lbank3                               bank3        000000
__Lbank4                               bank4        000000
__Lbank5                               bank5        000000
__Lbank6                               bank6        000000
__Lbank7                               bank7        000000
__Lbank8                               bank8        000000
__Lbank9                               bank9        000000
__Lbigbss                              bigbss       000000
__Lbigdata                             bigdata      000000
__Lbigram                              bigram       000000
__Lbigsfr                              bigsfr       000000
__Lbss                                 bss          000000
__LbssBANK0                            bssBANK0     000000
__LbssCOMRAM                           bssCOMRAM    000000
__Lcinit                               cinit        000000
__Lclrtext                             clrtext      000000
__Lcomram                              comram       000000
__Lconfig                              config       000000
__Lconst                               const        000000
__LcstackCOMRAM                        cstackCOMRAM 000000
__Ldata                                data         000000
__LdataBANK0                           dataBANK0    000000
__LdataCOMRAM                          dataCOMRAM   000000
__Leeprom_data                         eeprom_data  000000
__Lfarbss                              farbss       000000
__Lfardata                             fardata      000000
__Lheap                                heap         000000
__Libigdata                            ibigdata     000000
__Lidata                               idata        000000
__LidataBANK0                          idataBANK0   000000
__LidataCOMRAM                         idataCOMRAM  000000
__Lidloc                               idloc        000000
__Lifardata                            ifardata     000000
__Linit                                init         000000
__Lintcode                             intcode      000000
__Lintcode_body                        intcode_body 000000
__Lintcodelo                           intcodelo    000000
__Lintentry                            intentry     000000
__Lintret                              intret       000000
__Lintsave_regs                        intsave_regs 000000
__Lirdata                              irdata       000000
__Lmediumconst                         mediumconst  000000
__LnvCOMRAM                            nvCOMRAM     000000
__LnvFARRAM                            nvFARRAM     000000
__Lnvbit                               nvbit        000000
__Lnvrram                              nvrram       000000
__Lparam                               rparam       000000
__Lpowerup                             powerup      000000
__Lram                                 ram          000000
__Lramtop                              ramtop       001000
__Lrbit                                rbit         000000
__Lrbss                                rbss         000000
__Lrdata                               rdata        000000
__Lreset_vec                           reset_vec    000000
__Lrparam                              rparam       000000
__Lsfr                                 sfr          000000
__Lsmallconst                          smallconst   001000
__Lspace_0                             (abs)        000000
__Lspace_1                             (abs)        000000
__Lspace_2                             (abs)        000000
__Lspace_4                             (abs)        000000
__Lstack                               stack        000000
__Lstruct                              struct       000000
__Ltemp                                temp         000000
__Ltext                                text         000000
__Ltext0                               text0        000000
__Ltext1                               text1        000000
__Ltext10                              text10       000000
__Ltext11                              text11       000000
__Ltext12                              text12       000000
__Ltext13                              text13       000000
__Ltext14                              text14       000000
__Ltext15                              text15       000000
__Ltext16                              text16       000000
__Ltext17                              text17       000000
__Ltext18                              text18       000000
__Ltext19                              text19       000000
__Ltext2                               text2        000000
__Ltext20                              text20       000000
__Ltext21                              text21       000000
__Ltext22                              text22       000000
__Ltext23                              text23       000000
__Ltext24                              text24       000000
__Ltext25                              text25       000000
__Ltext26                              text26       000000
__Ltext27                              text27       000000
__Ltext28                              text28       000000
__Ltext29                              text29       000000
__Ltext3                               text3        000000
__Ltext30                              text30       000000
__Ltext31                              text31       000000
__Ltext32                              text32       000000
__Ltext33                              text33       000000
__Ltext4                               text4        000000
__Ltext5                               text5        000000
__Ltext6                               text6        000000
__Ltext7                               text7        000000
__Ltext8                               text8        000000
__Ltext9                               text9        000000
__S0                                   (abs)        0028DA
__S1                                   (abs)        0000F1
__S4                                   (abs)        000000
__S5                                   (abs)        000000
___awdiv                               text18       001F26
___awdiv@counter                       cstackCOMRAM 000005
___awdiv@dividend                      cstackCOMRAM 000001
___awdiv@divisor                       cstackCOMRAM 000003
___awdiv@quotient                      cstackCOMRAM 000007
___awdiv@sign                          cstackCOMRAM 000006
___awmod                               text17       002164
___awmod@counter                       cstackCOMRAM 000005
___awmod@dividend                      cstackCOMRAM 000001
___awmod@divisor                       cstackCOMRAM 000003
___awmod@sign                          cstackCOMRAM 000006
___heap_hi                             (abs)        000000
___heap_lo                             (abs)        000000
___inthi_sp                            stack        000000
___intlo_sp                            stack        000000
___param_bank                          (abs)        000000
___rparam_used                         (abs)        000001
___sp                                  stack        000000
___wmul                                text23       002864
___wmul@multiplicand                   cstackCOMRAM 000003
___wmul@multiplier                     cstackCOMRAM 000001
___wmul@product                        cstackCOMRAM 000005
__accesstop                            (abs)        000080
__activetblptr                         (abs)        000002
__end_of___awdiv                       text18       001FEA
__end_of___awmod                       text17       002214
__end_of___wmul                        text23       00288A
__end_of__initialization               cinit        0025C8
__end_of_abs                           text16       002838
__end_of_application_initialize        text24       0028D8
__end_of_atoi                          text20       00188A
__end_of_btn_values                    smallconst   001011
__end_of_convert_int_to_string         text7        002686
__end_of_dtoa                          text11       0015D0
__end_of_ecu_initialize                text25       0028C2
__end_of_fputc                         text14       001F26
__end_of_fputs                         text13       0027F8
__end_of_gpio_pin_direction_initialize text33       0019CE
__end_of_gpio_pin_initialize           text31       002570
__end_of_gpio_pin_read_logic           text6        002164
__end_of_gpio_pin_write_logic          text32       001C2C
__end_of_isdigit                       text22       002864
__end_of_isspace                       text21       0027B4
__end_of_keypad_get_value              text5        001E5C
__end_of_keypad_initialize             text30       0023A2
__end_of_lcd_4bit_initialize           text26       001B00
__end_of_lcd_4bit_send_char            text4        002418
__end_of_lcd_4bit_send_command         text27       00248E
__end_of_lcd_4bit_send_enable          text29       002722
__end_of_lcd_4bit_send_string          text3        0022B0
__end_of_lcd_4bit_send_string_pos      text1        00262C
__end_of_lcd_4bit_set_cursor           text2        0020AC
__end_of_lcd_send_4bit                 text28       002504
__end_of_main                          text0        00143C
__end_of_memset                        text19       001746
__end_of_pad                           text12       00232A
__end_of_putch                         text15       0028DA
__end_of_sprintf                       text8        00276E
__end_of_vfpfcnvrt                     text10       001D4E
__end_of_vfprintf                      text9        0026D4
__initialization                       cinit        002570
__mediumconst                          mediumconst  000000
__pbssBANK0                            bssBANK0     000080
__pbssCOMRAM                           bssCOMRAM    00005A
__pcinit                               cinit        002570
__pcstackCOMRAM                        cstackCOMRAM 000001
__pdataBANK0                           dataBANK0    0000D3
__pdataCOMRAM                          dataCOMRAM   000070
__pidataBANK0                          idataBANK0   00288A
__pidataCOMRAM                         idataCOMRAM  0028C2
__pnvCOMRAM                            nvCOMRAM     00007F
__psmallconst                          smallconst   001000
__ptext0                               text0        001036
__ptext1                               text1        0025D2
__ptext10                              text10       001C2C
__ptext11                              text11       00143C
__ptext12                              text12       0022B0
__ptext13                              text13       0027B4
__ptext14                              text14       001E5C
__ptext15                              text15       0028D8
__ptext16                              text16       0027F8
__ptext17                              text17       002164
__ptext18                              text18       001F26
__ptext19                              text19       0015D0
__ptext2                               text2        001FEA
__ptext20                              text20       001746
__ptext21                              text21       00276E
__ptext22                              text22       002838
__ptext23                              text23       002864
__ptext24                              text24       0028D2
__ptext25                              text25       0028A8
__ptext26                              text26       0019CE
__ptext27                              text27       002418
__ptext28                              text28       00248E
__ptext29                              text29       0026D4
__ptext3                               text3        002214
__ptext30                              text30       00232A
__ptext31                              text31       002504
__ptext32                              text32       001B00
__ptext33                              text33       00188A
__ptext4                               text4        0023A2
__ptext5                               text5        001D4E
__ptext6                               text6        0020AC
__ptext7                               text7        00262C
__ptext8                               text8        002722
__ptext9                               text9        002686
__ramtop                               ramtop       001000
__smallconst                           smallconst   001000
_a                                     bssBANK0     0000C8
_abs                                   text16       0027F8
_application_initialize                text24       0028D2
_atoi                                  text20       001746
_btn_values                            smallconst   001001
_convert_int_to_string                 text7        00262C
_dbuf                                  bssBANK0     000080
_dtoa                                  text11       00143C
_dtoa$1424                             cstackCOMRAM 000020
_ecu_initialize                        text25       0028A8
_flags                                 bssCOMRAM    000064
_fputc                                 text14       001E5C
_fputs                                 text13       0027B4
_gpio_pin_direction_initialize         text33       00188A
_gpio_pin_initialize                   text31       002504
_gpio_pin_read_logic                   text6        0020AC
_gpio_pin_write_logic                  text32       001B00
_isdigit                               text22       002838
_isspace                               text21       00276E
_isspace$1333                          cstackCOMRAM 000005
_keypad_get_value                      text5        001D4E
_keypad_initialize                     text30       00232A
_keypad_value                          bssCOMRAM    00006F
_kp1                                   dataCOMRAM   000071
_l                                     bssCOMRAM    000066
_lat_registers                         dataBANK0    0000D3
_lcd_1                                 dataCOMRAM   000079
_lcd_4bit_initialize                   text26       0019CE
_lcd_4bit_send_char                    text4        0023A2
_lcd_4bit_send_command                 text27       002418
_lcd_4bit_send_enable                  text29       0026D4
_lcd_4bit_send_string                  text3        002214
_lcd_4bit_send_string_pos              text1        0025D2
_lcd_4bit_set_cursor                   text2        001FEA
_lcd_send_4bit                         text28       00248E
_led_1                                 dataCOMRAM   000070
_main                                  text0        001036
_memset                                text19       0015D0
_num1                                  bssBANK0     0000B4
_num1_counter                          bssCOMRAM    000060
_num2                                  bssBANK0     0000A0
_num2_counter                          bssCOMRAM    00005E
_operatoin                             bssCOMRAM    000065
_pad                                   text12       0022B0
_port_registers                        dataBANK0    0000DD
_prec                                  bssCOMRAM    00005C
_putch                                 text15       0028D8
_res                                   bssCOMRAM    000062
_ret                                   nvCOMRAM     00007F
_sprintf                               text8        002722
_tris_registers                        dataBANK0    0000E7
_vfpfcnvrt                             text10       001C2C
_vfprintf                              text9        002686
_width                                 bssCOMRAM    00005A
abs@a                                  cstackCOMRAM 000007
atoi@n                                 cstackCOMRAM 00000E
atoi@neg                               cstackCOMRAM 00000C
atoi@s                                 cstackCOMRAM 000007
convert_int_to_string@ret              cstackCOMRAM 000057
convert_int_to_string@str              cstackCOMRAM 000055
convert_int_to_string@value            cstackCOMRAM 000053
dtoa@d                                 cstackCOMRAM 00001E
dtoa@fp                                cstackCOMRAM 00001C
dtoa@i                                 cstackCOMRAM 000026
dtoa@p                                 cstackCOMRAM 000022
dtoa@s                                 cstackCOMRAM 000028
dtoa@w                                 cstackCOMRAM 000024
end_of_initialization                  cinit        0025C8
fputc@c                                cstackCOMRAM 000001
fputc@fp                               cstackCOMRAM 000003
fputs@c                                cstackCOMRAM 00000E
fputs@fp                               cstackCOMRAM 00000C
fputs@i                                cstackCOMRAM 00000F
fputs@s                                cstackCOMRAM 00000A
gpio_pin_direction_initialize@pin      cstackCOMRAM 000001
gpio_pin_direction_initialize@ret      cstackCOMRAM 000009
gpio_pin_initialize@pin                cstackCOMRAM 00000B
gpio_pin_initialize@ret                cstackCOMRAM 00000E
gpio_pin_read_logic@log                cstackCOMRAM 000003
gpio_pin_read_logic@pin                cstackCOMRAM 000001
gpio_pin_read_logic@ret                cstackCOMRAM 00000A
gpio_pin_write_logic@log               cstackCOMRAM 000003
gpio_pin_write_logic@pin               cstackCOMRAM 000001
gpio_pin_write_logic@ret               cstackCOMRAM 00000A
intlevel0                              text         000000
intlevel1                              text         000000
intlevel2                              text         000000
intlevel3                              text         000000
isa$std                                (abs)        000001
isa$xinst                              (abs)        000000
isdigit@c                              cstackCOMRAM 000001
isspace@c                              cstackCOMRAM 000001
keypad_get_value@coulmn_counter        cstackCOMRAM 000015
keypad_get_value@counter               cstackCOMRAM 000013
keypad_get_value@keypad                cstackCOMRAM 00000B
keypad_get_value@log                   cstackCOMRAM 000012
keypad_get_value@ret                   cstackCOMRAM 000011
keypad_get_value@row_counter           cstackCOMRAM 000014
keypad_get_value@value                 cstackCOMRAM 00000D
keypad_initialize@i                    cstackCOMRAM 000014
keypad_initialize@i_479                cstackCOMRAM 000015
keypad_initialize@keypad               cstackCOMRAM 00000F
keypad_initialize@ret                  cstackCOMRAM 000013
lcd_4bit_initialize@i                  cstackCOMRAM 00001A
lcd_4bit_initialize@lcd_obj            cstackCOMRAM 000017
lcd_4bit_initialize@ret                cstackCOMRAM 00001C
lcd_4bit_send_char@chr                 cstackCOMRAM 000015
lcd_4bit_send_char@lcd_obj             cstackCOMRAM 000013
lcd_4bit_send_char@ret                 cstackCOMRAM 000016
lcd_4bit_send_command@command          cstackCOMRAM 000015
lcd_4bit_send_command@lcd_obj          cstackCOMRAM 000013
lcd_4bit_send_command@ret              cstackCOMRAM 000016
lcd_4bit_send_enable@lcd_obj           cstackCOMRAM 00000B
lcd_4bit_send_enable@ret               cstackCOMRAM 00000D
lcd_4bit_send_string@lcd_obj           cstackCOMRAM 000017
lcd_4bit_send_string@ret               cstackCOMRAM 00001B
lcd_4bit_send_string@string            cstackCOMRAM 000019
lcd_4bit_send_string_pos@column        cstackCOMRAM 000021
lcd_4bit_send_string_pos@lcd_obj       cstackCOMRAM 00001E
lcd_4bit_send_string_pos@ret           cstackCOMRAM 000024
lcd_4bit_send_string_pos@row           cstackCOMRAM 000020
lcd_4bit_send_string_pos@string        cstackCOMRAM 000022
lcd_4bit_set_cursor@column             cstackCOMRAM 00001A
lcd_4bit_set_cursor@lcd_obj            cstackCOMRAM 000017
lcd_4bit_set_cursor@ret                cstackCOMRAM 00001D
lcd_4bit_set_cursor@row                cstackCOMRAM 000019
lcd_send_4bit@data_command             cstackCOMRAM 00000D
lcd_send_4bit@i                        cstackCOMRAM 000011
lcd_send_4bit@lcd_obj                  cstackCOMRAM 00000B
lcd_send_4bit@ret                      cstackCOMRAM 000010
led_initialize@F3049                   bssCOMRAM    00006A
led_toggle@F3064                       bssCOMRAM    000067
led_turn_off@F3059                     bssCOMRAM    000068
led_turn_on@F3054                      bssCOMRAM    000069
memset@c                               cstackCOMRAM 000003
memset@dest                            cstackCOMRAM 000001
memset@k                               cstackCOMRAM 000009
memset@n                               cstackCOMRAM 000005
memset@s                               cstackCOMRAM 00000B
pad@buf                                cstackCOMRAM 000013
pad@fp                                 cstackCOMRAM 000011
pad@i                                  cstackCOMRAM 000018
pad@p                                  cstackCOMRAM 000015
pad@w                                  cstackCOMRAM 00001A
relay_initialize@F3045                 bssCOMRAM    00006E
relay_toggle@F3060                     bssCOMRAM    00006B
relay_turn_off@F3055                   bssCOMRAM    00006C
relay_turn_on@F3050                    bssCOMRAM    00006D
sprintf@ap                             cstackCOMRAM 000045
sprintf@f                              cstackCOMRAM 000047
sprintf@fmt                            cstackCOMRAM 000041
sprintf@s                              cstackCOMRAM 00003F
stackhi                                (abs)        000000
stacklo                                (abs)        000000
start                                  init         000000
start_initialization                   cinit        002570
vfpfcnvrt@ap                           cstackCOMRAM 00002D
vfpfcnvrt@convarg                      cstackCOMRAM 000031
vfpfcnvrt@cp                           cstackCOMRAM 000035
vfpfcnvrt@fmt                          cstackCOMRAM 00002B
vfpfcnvrt@fp                           cstackCOMRAM 000029
vfprintf@ap                            cstackCOMRAM 00003B
vfprintf@cfmt                          cstackCOMRAM 00003D
vfprintf@fmt                           cstackCOMRAM 000039
vfprintf@fp                            cstackCOMRAM 000037


MODULE INFORMATION

Module		Function		Class		Link	Load	Size
C:\Program Files\Microchip\xc8\v2.41\pic\sources\c99\common\awmod.c
		___awmod       		CODE           	2164	0000	176

C:\Program Files\Microchip\xc8\v2.41\pic\sources\c99\common\awmod.c estimated size: 176

ECU_layer/key_pad/ecu_key_pad.c
		_keypad_get_value		CODE           	1D4E	0000	270
		_keypad_initialize		CODE           	232A	0000	120

ECU_layer/key_pad/ecu_key_pad.c estimated size: 390

MCAL_layer/GPIO/hal_gpio.c
		_gpio_pin_write_logic		CODE           	1B00	0000	300
		_gpio_pin_read_logic		CODE           	20AC	0000	184
		_gpio_pin_direction_initialize		CODE           	188A	0000	324
		_gpio_pin_initialize		CODE           	2504	0000	108

MCAL_layer/GPIO/hal_gpio.c estimated size: 916

C:\Program Files\Microchip\xc8\v2.41\pic\sources\c99\common\nf_fputc.c
		_fputc         		CODE           	1E5C	0000	202

C:\Program Files\Microchip\xc8\v2.41\pic\sources\c99\common\nf_fputc.c estimated size: 202

C:\Program Files\Microchip\xc8\v2.41\pic\sources\c99\common\memset.c
		_memset        		CODE           	15D0	0000	374

C:\Program Files\Microchip\xc8\v2.41\pic\sources\c99\common\memset.c estimated size: 374

C:\Program Files\Microchip\xc8\v2.41\pic\sources\c99\common\nf_sprintf.c
		_sprintf       		CODE           	2722	0000	76

C:\Program Files\Microchip\xc8\v2.41\pic\sources\c99\common\nf_sprintf.c estimated size: 76

C:\Program Files\Microchip\xc8\v2.41\pic\sources\c99\common\isdigit.c
		_isdigit       		CODE           	2838	0000	44

C:\Program Files\Microchip\xc8\v2.41\pic\sources\c99\common\isdigit.c estimated size: 44

C:\Program Files\Microchip\xc8\v2.41\pic\sources\c99\common\awdiv.c
		___awdiv       		CODE           	1F26	0000	196

C:\Program Files\Microchip\xc8\v2.41\pic\sources\c99\common\awdiv.c estimated size: 196

ECU_layer/Char_lCD/ecu_chr_lcd.c
		_lcd_send_4bit 		CODE           	248E	0000	118
		_lcd_4bit_send_command		CODE           	2418	0000	118
		_lcd_4bit_send_string_pos		CODE           	25D2	0000	90
		_lcd_4bit_send_char		CODE           	23A2	0000	118
		_lcd_4bit_send_enable		CODE           	26D4	0000	78
		_convert_int_to_string		CODE           	262C	0000	90
		_lcd_4bit_set_cursor		CODE           	1FEA	0000	194
		_lcd_4bit_initialize		CODE           	19CE	0000	306
		_lcd_4bit_send_string		CODE           	2214	0000	156

ECU_layer/Char_lCD/ecu_chr_lcd.c estimated size: 1268

C:\Program Files\Microchip\xc8\v2.41\pic\sources\c99\common\abs.c
		_abs           		CODE           	27F8	0000	64

C:\Program Files\Microchip\xc8\v2.41\pic\sources\c99\common\abs.c estimated size: 64

C:\Program Files\Microchip\xc8\v2.41\pic\sources\c99\common\doprnt.c
		_vfpfcnvrt     		CODE           	1C2C	0000	290
		_pad           		CODE           	22B0	0000	122
		_dtoa          		CODE           	143C	0000	404
		_vfprintf      		CODE           	2686	0000	78

C:\Program Files\Microchip\xc8\v2.41\pic\sources\c99\common\doprnt.c estimated size: 894

ECU_layer/ecu_initialize.c
		_ecu_initialize		CODE           	28A8	0000	26

ECU_layer/ecu_initialize.c estimated size: 26

C:\Program Files\Microchip\xc8\v2.41\pic\sources\c99\common\atoi.c
		_atoi          		CODE           	1746	0000	324

C:\Program Files\Microchip\xc8\v2.41\pic\sources\c99\common\atoi.c estimated size: 324

shared
		_btn_values    		SMALLCONST     	1001	0000	16
		__initialization		CODE           	2570	0000	88

shared estimated size: 104

C:\Program Files\Microchip\xc8\v2.41\pic\sources\c99\common\Umul16.c
		___wmul        		CODE           	2864	0000	38

C:\Program Files\Microchip\xc8\v2.41\pic\sources\c99\common\Umul16.c estimated size: 38

C:\Program Files\Microchip\xc8\v2.41\pic\sources\c99\common\putch.c
		_putch         		CODE           	28D8	0000	2

C:\Program Files\Microchip\xc8\v2.41\pic\sources\c99\common\putch.c estimated size: 2

C:\Program Files\Microchip\xc8\v2.41\pic\sources\c99\common\nf_fputs.c
		_fputs         		CODE           	27B4	0000	68

C:\Program Files\Microchip\xc8\v2.41\pic\sources\c99\common\nf_fputs.c estimated size: 68

C:\Program Files\Microchip\xc8\v2.41\pic\sources\c99\common\isspace.c
		_isspace       		CODE           	276E	0000	70

C:\Program Files\Microchip\xc8\v2.41\pic\sources\c99\common\isspace.c estimated size: 70

application.c
		_application_initialize		CODE           	28D2	0000	6
		_main          		CODE           	1036	0000	1030

application.c estimated size: 1036

